GDRE Tools v2.5.0-beta.3
Windows 10.0.28000, Intel(R) Arc(TM) Graphics, vulkan
Opening file: D:\Code\GODOTLINE\PCKLevels\inv.pck
Loaded 53 imported files
Detected Engine Version: 4.6.2
Detected Bytecode Revision: 4.5.0-stable (ebc36a7)
Verified 199 files, no errors detected!
Extracted 199 files, no errors detected!
Recreating plugin configs...

Exporting scenes...
*** Exporting 1 scenes took 55.52s

Saved project config.


********************************EXPORT REPORT********************************

Totals:                                 
Decompiled scripts:                     8
Failed scripts:                         0
Imported resources for export session:  53
Successfully converted:                 52
Lossy:                                  16
Rewrote metadata:                       28
Non-importable conversions:             0
Not converted:                          0
Failed conversions:                     1
-------------

------

The following plugins failed to have their plugin.cfg regenerated:
godot_mcp
------

Failed conversions:
* res://Assets/TheInvertedWorld/inv.fbx
  * Errors during GLTF conversion
  * Errors:
    ** Errors during GLTF conversion:
    ERROR: glTF: Tried to export a MeshInstance3D node named Line2_1, but it has no mesh. This node will be exported without a mesh.
       at: GLTFDocument::_convert_mesh_to_gltf (modules\gltf\gltf_document.cpp:4025)
    ERROR: glTF: Tried to export a MeshInstance3D node named Line3, but it has no mesh. This node will be exported without a mesh.
       at: GLTFDocument::_convert_mesh_to_gltf (modules\gltf\gltf_document.cpp:4025)
    ERROR: glTF: Tried to export a MeshInstance3D node named LineCircle, but it has no mesh. This node will be exported without a mesh.
       at: GLTFDocument::_convert_mesh_to_gltf (modules\gltf\gltf_document.cpp:4025)
    ERROR: glTF: Tried to export a MeshInstance3D node named Linetrack1, but it has no mesh. This node will be exported without a mesh.
       at: GLTFDocument::_convert_mesh_to_gltf (modules\gltf\gltf_document.cpp:4025)
    ERROR: glTF: Tried to export a MeshInstance3D node named Linetrack3, but it has no mesh. This node will be exported without a mesh.
       at: GLTFDocument::_convert_mesh_to_gltf (modules\gltf\gltf_document.cpp:4025)
    ERROR: glTF: Tried to export a MeshInstance3D node named Underwater Strips, but it has no mesh. This node will be exported without a mesh.
       at: GLTFDocument::_convert_mesh_to_gltf (modules\gltf\gltf_document.cpp:4025)
    ERROR: glTF: Tried to export a MeshInstance3D node named Linetrack1_1, but it has no mesh. This node will be exported without a mesh.
       at: GLTFDocument::_convert_mesh_to_gltf (modules\gltf\gltf_document.cpp:4025)
    ERROR: glTF: Tried to export a MeshInstance3D node named Line3_1, but it has no mesh. This node will be exported without a mesh.
       at: GLTFDocument::_convert_mesh_to_gltf (modules\gltf\gltf_document.cpp:4025)
    ERROR: glTF: Tried to export a MeshInstance3D node named Linetrack3_1, but it has no mesh. This node will be exported without a mesh.
       at: GLTFDocument::_convert_mesh_to_gltf (modules\gltf\gltf_document.cpp:4025)
    ERROR: glTF: Tried to export a MeshInstance3D node named Curve Path Shape, but it has no mesh. This node will be exported without a mesh.
       at: GLTFDocument::_convert_mesh_to_gltf (modules\gltf\gltf_document.cpp:4025)
    ERROR: glTF: Tried to export a MeshInstance3D node named Path Line 1, but it has no mesh. This node will be exported without a mesh.
       at: GLTFDocument::_convert_mesh_to_gltf (modules\gltf\gltf_document.cpp:4025)
    ERROR: glTF: Tried to export a MeshInstance3D node named Path Connections_001, but it has no mesh. This node will be exported without a mesh.
       at: GLTFDocument::_convert_mesh_to_gltf (modules\gltf\gltf_document.cpp:4025)
    ERROR: glTF: Tried to export a MeshInstance3D node named Path Connections_002, but it has no mesh. This node will be exported without a mesh.
       at: GLTFDocument::_convert_mesh_to_gltf (modules\gltf\gltf_document.cpp:4025)
    ERROR: glTF: Tried to export a MeshInstance3D node named Path Connections_003, but it has no mesh. This node will be exported without a mesh.
       at: GLTFDocument::_convert_mesh_to_gltf (modules\gltf\gltf_document.cpp:4025)
    ERROR: glTF: Tried to export a MeshInstance3D node named Cone1_001, but it has no mesh. This node will be exported without a mesh.
       at: GLTFDocument::_convert_mesh_to_gltf (modules\gltf\gltf_document.cpp:4025)
    ERROR: glTF: Tried to export a MeshInstance3D node named Cone2_001, but it has no mesh. This node will be exported without a mesh.
       at: GLTFDocument::_convert_mesh_to_gltf (modules\gltf\gltf_document.cpp:4025)
    ERROR: glTF: Tried to export a MeshInstance3D node named Cone3_001, but it has no mesh. This node will be exported without a mesh.
       at: GLTFDocument::_convert_mesh_to_gltf (modules\gltf\gltf_document.cpp:4025)
    ERROR: glTF: Tried to export a MeshInstance3D node named Cone1_001_1, but it has no mesh. This node will be exported without a mesh.
       at: GLTFDocument::_convert_mesh_to_gltf (modules\gltf\gltf_document.cpp:4025)
    ERROR: glTF: Tried to export a MeshInstance3D node named Cone2_001_1, but it has no mesh. This node will be exported without a mesh.
       at: GLTFDocument::_convert_mesh_to_gltf (modules\gltf\gltf_document.cpp:4025)
    ERROR: glTF: Tried to export a MeshInstance3D node named Cone3_001_1, but it has no mesh. This node will be exported without a mesh.
       at: GLTFDocument::_convert_mesh_to_gltf (modules\gltf\gltf_document.cpp:4025)
    ERROR: glTF: Tried to export a MeshInstance3D node named Cone1_001_2, but it has no mesh. This node will be exported without a mesh.
       at: GLTFDocument::_convert_mesh_to_gltf (modules\gltf\gltf_document.cpp:4025)
    ERROR: glTF: Tried to export a MeshInstance3D node named Cone2_001_2, but it has no mesh. This node will be exported without a mesh.
       at: GLTFDocument::_convert_mesh_to_gltf (modules\gltf\gltf_document.cpp:4025)
    ERROR: glTF: Tried to export a MeshInstance3D node named Cone3_001_2, but it has no mesh. This node will be exported without a mesh.
       at: GLTFDocument::_convert_mesh_to_gltf (modules\gltf\gltf_document.cpp:4025)
    ERROR: glTF: Tried to export a MeshInstance3D node named Cone1_001_3, but it has no mesh. This node will be exported without a mesh.
       at: GLTFDocument::_convert_mesh_to_gltf (modules\gltf\gltf_document.cpp:4025)
    ERROR: glTF: Tried to export a MeshInstance3D node named Cone2_001_3, but it has no mesh. This node will be exported without a mesh.
       at: GLTFDocument::_convert_mesh_to_gltf (modules\gltf\gltf_document.cpp:4025)
    ERROR: glTF: Tried to export a MeshInstance3D node named Cone3_001_3, but it has no mesh. This node will be exported without a mesh.
       at: GLTFDocument::_convert_mesh_to_gltf (modules\gltf\gltf_document.cpp:4025)
    ERROR: glTF: Tried to export a MeshInstance3D node named Cone1_001_4, but it has no mesh. This node will be exported without a mesh.
       at: GLTFDocument::_convert_mesh_to_gltf (modules\gltf\gltf_document.cpp:4025)
    ERROR: glTF: Tried to export a MeshInstance3D node named Cone2_001_4, but it has no mesh. This node will be exported without a mesh.
       at: GLTFDocument::_convert_mesh_to_gltf (modules\gltf\gltf_document.cpp:4025)
    ERROR: glTF: Tried to export a MeshInstance3D node named Cone3_001_4, but it has no mesh. This node will be exported without a mesh.
       at: GLTFDocument::_convert_mesh_to_gltf (modules\gltf\gltf_document.cpp:4025)
    ERROR: glTF: Tried to export a MeshInstance3D node named Cone1_001_5, but it has no mesh. This node will be exported without a mesh.
       at: GLTFDocument::_convert_mesh_to_gltf (modules\gltf\gltf_document.cpp:4025)
    ERROR: glTF: Tried to export a MeshInstance3D node named Cone2_001_5, but it has no mesh. This node will be exported without a mesh.
       at: GLTFDocument::_convert_mesh_to_gltf (modules\gltf\gltf_document.cpp:4025)
    ERROR: glTF: Tried to export a MeshInstance3D node named Cone3_001_5, but it has no mesh. This node will be exported without a mesh.
       at: GLTFDocument::_convert_mesh_to_gltf (modules\gltf\gltf_document.cpp:4025)
    ERROR: glTF: Tried to export a MeshInstance3D node named Cone1_001_6, but it has no mesh. This node will be exported without a mesh.
       at: GLTFDocument::_convert_mesh_to_gltf (modules\gltf\gltf_document.cpp:4025)
    ERROR: glTF: Tried to export a MeshInstance3D node named Cone2_001_6, but it has no mesh. This node will be exported without a mesh.
       at: GLTFDocument::_convert_mesh_to_gltf (modules\gltf\gltf_document.cpp:4025)
    ERROR: glTF: Tried to export a MeshInstance3D node named Cone3_001_6, but it has no mesh. This node will be exported without a mesh.
       at: GLTFDocument::_convert_mesh_to_gltf (modules\gltf\gltf_document.cpp:4025)
    ERROR: glTF: Tried to export a MeshInstance3D node named Cone1_001_7, but it has no mesh. This node will be exported without a mesh.
       at: GLTFDocument::_convert_mesh_to_gltf (modules\gltf\gltf_document.cpp:4025)
    ERROR: glTF: Tried to export a MeshInstance3D node named Cone2_001_7, but it has no mesh. This node will be exported without a mesh.
       at: GLTFDocument::_convert_mesh_to_gltf (modules\gltf\gltf_document.cpp:4025)
    ERROR: glTF: Tried to export a MeshInstance3D node named Cone3_001_7, but it has no mesh. This node will be exported without a mesh.
       at: GLTFDocument::_convert_mesh_to_gltf (modules\gltf\gltf_document.cpp:4025)
    ERROR: glTF: Tried to export a MeshInstance3D node named Cone1_001_8, but it has no mesh. This node will be exported without a mesh.
       at: GLTFDocument::_convert_mesh_to_gltf (modules\gltf\gltf_document.cpp:4025)
    ERROR: glTF: Tried to export a MeshInstance3D node named Cone2_001_8, but it has no mesh. This node will be exported without a mesh.
       at: GLTFDocument::_convert_mesh_to_gltf (modules\gltf\gltf_document.cpp:4025)
    ERROR: glTF: Tried to export a MeshInstance3D node named Cone3_001_8, but it has no mesh. This node will be exported without a mesh.
       at: GLTFDocument::_convert_mesh_to_gltf (modules\gltf\gltf_document.cpp:4025)
    ERROR: glTF: Tried to export a MeshInstance3D node named Cone1_001_9, but it has no mesh. This node will be exported without a mesh.
       at: GLTFDocument::_convert_mesh_to_gltf (modules\gltf\gltf_document.cpp:4025)
    ERROR: glTF: Tried to export a MeshInstance3D node named Cone2_001_9, but it has no mesh. This node will be exported without a mesh.
       at: GLTFDocument::_convert_mesh_to_gltf (modules\gltf\gltf_document.cpp:4025)
    ERROR: glTF: Tried to export a MeshInstance3D node named Cone3_001_9, but it has no mesh. This node will be exported without a mesh.
       at: GLTFDocument::_convert_mesh_to_gltf (modules\gltf\gltf_document.cpp:4025)
    ERROR: glTF: Tried to export a MeshInstance3D node named Linetrack1_2, but it has no mesh. This node will be exported without a mesh.
       at: GLTFDocument::_convert_mesh_to_gltf (modules\gltf\gltf_document.cpp:4025)
    ERROR: glTF: Tried to export a MeshInstance3D node named Path Connections, but it has no mesh. This node will be exported without a mesh.
       at: GLTFDocument::_convert_mesh_to_gltf (modules\gltf\gltf_document.cpp:4025)




---------------------------------IMPORTANT NOTES----------------------------------


Incomplete Plugin Export:
The following addons failed to have their plugin.cfg regenerated
You may encounter editor errors due to this.
Tip: Try finding the plugin in the Godot Asset Library or Github.

 - godot_mcp



------------------------------------------------------------------------------------

Use Godot editor version 4.6.2 to edit the project.

*******************************************************************************

